\BOOKMARK [1][-]{section.1}{\376\377\000I\000n\000t\000r\000o\000d\000u\000c\000t\000i\000o\000n}{}% 1
\BOOKMARK [1][-]{section.2}{\376\377\000B\000a\000c\000k\000g\000r\000o\000u\000n\000d\000\040\000a\000n\000d\000\040\000r\000e\000l\000a\000t\000e\000d\000\040\000w\000o\000r\000k}{}% 2
\BOOKMARK [1][-]{section.3}{\376\377\000P\000r\000o\000b\000l\000e\000m\000\040\000f\000o\000r\000m\000u\000l\000a\000t\000i\000o\000n}{}% 3
\BOOKMARK [2][-]{subsection.3.1}{\376\377\000T\000h\000e\000\040\000i\000n\000f\000o\000r\000m\000a\000t\000i\000o\000n\000\040\000s\000t\000a\000t\000e}{section.3}% 4
\BOOKMARK [1][-]{section.4}{\376\377\000E\000x\000a\000c\000t\000\040\000d\000e\000s\000i\000g\000n\000\040\000g\000r\000a\000d\000i\000e\000n\000t\000s\000\040\000v\000i\000a\000\040\000t\000h\000e\000\040\000e\000n\000v\000e\000l\000o\000p\000e\000\040\000t\000h\000e\000o\000r\000e\000m}{}% 5
\BOOKMARK [1][-]{section.5}{\376\377\000T\000h\000e\000\040\000L\000Q\000G\000\040\000c\000a\000s\000e\000:\000\040\000L\000Q\000R\000\040\000a\000n\000d\000\040\000K\000a\000l\000m\000a\000n\000\040\000S\000D\000P\000s}{}% 6
\BOOKMARK [2][-]{subsection.5.1}{\376\377\000C\000o\000-\000d\000e\000s\000i\000g\000n\000i\000n\000g\000\040\000t\000h\000e\000\040\000w\000e\000i\000g\000h\000t\000s\000\040\000a\000n\000d\000\040\000n\000o\000i\000s\000e\000\040\000l\000e\000v\000e\000l\000s}{section.5}% 7
\BOOKMARK [2][-]{subsection.5.2}{\376\377\000T\000h\000e\000\040\000r\000o\000b\000u\000s\000t\000\040\000a\000n\000a\000l\000o\000g\000:\000\040\000H\000\040\000c\000o\000n\000t\000r\000o\000l\000\040\000a\000n\000d\000\040\000f\000i\000l\000t\000e\000r\000i\000n\000g\000\040\000S\000D\000P\000s}{section.5}% 8
\BOOKMARK [1][-]{section.6}{\376\377\000T\000h\000e\000\040\000l\000o\000c\000a\000l\000l\000y\000\040\000l\000i\000n\000e\000a\000r\000i\000z\000e\000d\000\040\000c\000a\000s\000e\000:\000\040\000M\000P\000C\000\040\000a\000n\000d\000\040\000t\000h\000e\000\040\000e\000K\000F}{}% 9
\BOOKMARK [1][-]{section.7}{\376\377\000S\000e\000n\000s\000o\000r\000\040\000a\000l\000l\000o\000c\000a\000t\000i\000o\000n\000:\000\040\000d\000i\000s\000c\000r\000e\000t\000e\000\040\000s\000e\000l\000e\000c\000t\000i\000o\000n\000\040\000a\000n\000d\000\040\000s\000p\000a\000r\000s\000e\000\040\000r\000e\000l\000a\000x\000a\000t\000i\000o\000n}{}% 10
\BOOKMARK [1][-]{section.8}{\376\377\000O\000u\000t\000e\000r\000\040\000o\000p\000t\000i\000m\000i\000z\000a\000t\000i\000o\000n}{}% 11
\BOOKMARK [1][-]{section.9}{\376\377\000S\000i\000m\000u\000l\000a\000t\000i\000o\000n\000\040\000s\000t\000u\000d\000i\000e\000s}{}% 12
\BOOKMARK [2][-]{subsection.9.1}{\376\377\000S\000p\000a\000c\000e\000c\000r\000a\000f\000t\000\040\000a\000t\000t\000i\000t\000u\000d\000e\000\040\000d\000e\000t\000e\000r\000m\000i\000n\000a\000t\000i\000o\000n\000\040\000a\000n\000d\000\040\000c\000o\000n\000t\000r\000o\000l\000\040\000\050\000A\000D\000C\000S\000\051}{section.9}% 13
\BOOKMARK [2][-]{subsection.9.2}{\376\377\000B\000i\000n\000a\000r\000y\000\040\000d\000i\000s\000t\000i\000l\000l\000a\000t\000i\000o\000n\000\040\000c\000o\000l\000u\000m\000n}{section.9}% 14
\BOOKMARK [2][-]{subsection.9.3}{\376\377\000E\000s\000t\000i\000m\000a\000t\000o\000r\000\040\000c\000o\000-\000d\000e\000s\000i\000g\000n\000:\000\040\000P\000L\000L\000/\000D\000S\000E\000\040\000t\000u\000n\000i\000n\000g\000\040\000i\000n\000\040\000a\000\040\000l\000o\000w\000-\000i\000n\000e\000r\000t\000i\000a\000\040\000g\000r\000i\000d}{section.9}% 15
\BOOKMARK [2][-]{subsection.9.4}{\376\377\000M\000u\000l\000t\000i\000-\000t\000e\000r\000m\000i\000n\000a\000l\000\040\000H\000V\000D\000C\000\040\000d\000r\000o\000o\000p\000\040\000c\000o\000o\000r\000d\000i\000n\000a\000t\000i\000o\000n}{section.9}% 16
\BOOKMARK [2][-]{subsection.9.5}{\376\377\000C\000o\000m\000p\000u\000t\000a\000t\000i\000o\000n\000a\000l\000\040\000c\000o\000m\000p\000l\000e\000x\000i\000t\000y\000:\000\040\000C\000o\000n\000t\000E\000s\000t\000\040\000w\000i\000t\000h\000\040\000i\000n\000t\000e\000r\000i\000o\000r\000-\000p\000o\000i\000n\000t\000\040\000i\000n\000n\000e\000r\000\040\000p\000r\000o\000b\000l\000e\000m\000s}{section.9}% 17
\BOOKMARK [2][-]{subsection.9.6}{\376\377\000S\000u\000m\000m\000a\000r\000y\000\040\000o\000f\000\040\000i\000m\000p\000r\000o\000v\000e\000m\000e\000n\000t\000s}{section.9}% 18
\BOOKMARK [1][-]{section.10}{\376\377\000C\000o\000n\000c\000l\000u\000s\000i\000o\000n}{}% 19
\BOOKMARK [1][-]{section*.1}{\376\377\000A\000c\000k\000n\000o\000w\000l\000e\000d\000g\000e\000m\000e\000n\000t\000s}{}% 20
\BOOKMARK [1][-]{appendix.A}{\376\377\000P\000r\000o\000o\000f\000\040\000o\000f\000\040\000t\000h\000e\000\040\000L\000Q\000G\000\040\000r\000e\000g\000u\000l\000a\000r\000i\000t\000y\000\040\000P\000r\000o\000p\000o\000s\000i\000t\000i\000o\000n}{}% 21
\BOOKMARK [1][-]{appendix.B}{\376\377\000P\000r\000o\000o\000f\000\040\000o\000f\000\040\000t\000h\000e\000\040\000f\000i\000x\000e\000d\000-\000\040\000H\000\040\000r\000e\000g\000u\000l\000a\000r\000i\000t\000y\000\040\000P\000r\000o\000p\000o\000s\000i\000t\000i\000o\000n}{}% 22
\BOOKMARK [1][-]{section*.2}{\376\377\000R\000e\000f\000e\000r\000e\000n\000c\000e\000s}{}% 23
